// Jest Snapshot v1, https://goo.gl/fbAQLP

exports[`<App matches the snapshot 1`] = `
<DocumentFragment>
  .c0 {
  text-align: center;
}

.c0 .app__header {
  background-color: #282c34;
  min-height: 100vh;
  display: -webkit-box;
  display: -webkit-flex;
  display: -ms-flexbox;
  display: flex;
  -webkit-flex-direction: column;
  -ms-flex-direction: column;
  flex-direction: column;
  -webkit-align-items: center;
  -webkit-box-align: center;
  -ms-flex-align: center;
  align-items: center;
  -webkit-box-pack: center;
  -webkit-justify-content: center;
  -ms-flex-pack: center;
  justify-content: center;
  font-size: calc(10px + 2vmin);
  color: white;
}

<div
    class="c0"
  >
    <header
      class="app__header"
    >
      <p>
        Placeholder text
      </p>
    </header>
  </div>
</DocumentFragment>
`;
